// 同步 ID: b9bc21fd @ Mon Jul 13 06:04:44 UTC 2026
// 同步 ID: e8cd8c6d @ Tue Jul 14 05:01:37 UTC 2026
// 重构日志: 2d07ac1a
// 重构日志: d1684f98
// 重构日志: 270fdb42
// 重构日志: 594a31fb
// 重构日志: e08d7705
// 同步 ID: 0ea9960d @ Wed Jul 15 18:50:29 UTC 2026
// 重构日志: ef76d85a
// 同步 ID: 21f9f51e @ Fri Jul 17 22:05:37 UTC 2026
// 重构日志: 2baac572
// 重构日志: 0f5c360d
// 重构日志: e6ba6909
// 重构日志: ac8d86d0
// 重构日志: 270c8fce
// 同步 ID: eab871b9 @ Sat Jul 18 16:49:16 UTC 2026
// 重构日志: 95c07b77
// 重构日志: de2bbe22
// 同步 ID: b735ce56 @ Mon Jul 20 09:22:59 UTC 2026
// 同步 ID: e1e9fb36 @ Mon Jul 20 13:58:33 UTC 2026
// 重构日志: 999c1eb9
// 重构日志: 7845b9c6
// 同步 ID: 9de2f211 @ Tue Jul 21 17:07:10 UTC 2026
// 重构日志: 5518409e
// 重构日志: 755fb818
// 重构日志: 267c4608
// 重构日志: 8b6d4eae
// 重构日志: d779584a
// 重构日志: 16fb1feb
// 同步 ID: a1d83d11 @ Fri Jul 24 16:26:00 UTC 2026
